yarn run v1.22.22
node.exe : warning ..\package.json: No license field
Au caractère C:\Users\babac\AppData\Roaming\npm\yarn.ps1:24 : 5
+     & "node$exe"  "$basedir/node_modules/yarn/bin/yarn.js" $args
+     ~~~~~~~~~~~~~~~~~~~~~~~~~~~~~~~~~~~~~~~~~~~~~~~~~~~~~~~~~~~~
    + CategoryInfo          : NotSpecified: (warning ..\pack...o license field:String) [], RemoteException
    + FullyQualifiedErrorId : NativeCommandError
 
$ react-app-rewired test src/pages/subscription/SubscriptionPage.test.tsx --verbose
  console.error
    Warning: `ReactDOMTestUtils.act` is deprecated in favor of `React.act`. Import `act` from `react` instead of `react-dom/test-utils`. See https://react.dev/warnings/react-dom-test-utils for more info.

    [0m [90m 40 |[39m describe([32m'SubscriptionPage'[39m[33m,[39m () [33m=>[39m {
     [90m 41 |[39m   it([32m'affiche les 3 offres et les boutons S\'abonner'[39m[33m,[39m [36masync[39m () [33m=>[39m {
    [31m[1m>[22m[39m[90m 42 |[39m     [36mconst[39m { container } [33m=[39m render(
     [90m    |[39m                                 [31m[1m^[22m[39m
     [90m 43 |[39m       [33m<[39m[33mAuthProvider[39m[33m>[39m
     [90m 44 |[39m         [33m<[39m[33mBrowserRouter[39m[33m>[39m
     [90m 45 |[39m           [33m<[39m[33mSubscriptionPage[39m [33m/[39m[33m>[39m[0m

      at printWarning (node_modules/react-dom/cjs/react-dom-test-utils.development.js:71:30)
      at error (node_modules/react-dom/cjs/react-dom-test-utils.development.js:45:7)
      at actWithWarning (node_modules/react-dom/cjs/react-dom-test-utils.development.js:1736:7)
      at node_modules/@testing-library/react/dist/act-compat.js:63:25
      at renderRoot (node_modules/@testing-library/react/dist/pure.js:159:26)
      at render (node_modules/@testing-library/react/dist/pure.js:246:10)
      at _callee$ (src/pages/subscription/SubscriptionPage.test.tsx:42:33)
      at s (node_modules/@babel/runtime/helpers/regeneratorRuntime.js:75:16)
      at Generator.<anonymous> (node_modules/@babel/runtime/helpers/regeneratorRuntime.js:58:19)
      at Generator.next (node_modules/@babel/runtime/helpers/regeneratorRuntime.js:100:21)
      at asyncGeneratorStep (node_modules/@babel/runtime/helpers/asyncToGenerator.js:3:17)
      at _next (node_modules/@babel/runtime/helpers/asyncToGenerator.js:17:9)
      at node_modules/@babel/runtime/helpers/asyncToGenerator.js:22:7
      at Object.<anonymous> (node_modules/@babel/runtime/helpers/asyncToGenerator.js:14:12)

  console.warn
    ÔÜá´©Å React Router Future Flag Warning: React Router will begin wrapping state updates in `React.startTransition` in v7. You can use the `v7_startTransition` future flag to opt-in early. For more information, see https://reactrouter.com/v6/upgrading/future#v7_starttransition.

    [0m [90m 40 |[39m describe([32m'SubscriptionPage'[39m[33m,[39m () [33m=>[39m {
     [90m 41 |[39m   it([32m'affiche les 3 offres et les boutons S\'abonner'[39m[33m,[39m [36masync[39m () [33m=>[39m {
    [31m[1m>[22m[39m[90m 42 |[39m     [36mconst[39m { container } [33m=[39m render(
     [90m    |[39m                                 [31m[1m^[22m[39m
     [90m 43 |[39m       [33m<[39m[33mAuthProvider[39m[33m>[39m
     [90m 44 |[39m         [33m<[39m[33mBrowserRouter[39m[33m>[39m
     [90m 45 |[39m           [33m<[39m[33mSubscriptionPage[39m [33m/[39m[33m>[39m[0m

      at warnOnce (node_modules/react-router/lib/deprecations.ts:9:13)
      at logDeprecation (node_modules/react-router/lib/deprecations.ts:14:3)
      at Object.logV6DeprecationWarnings [as UNSAFE_logV6DeprecationWarnings] (node_modules/react-router/lib/deprecations.ts:26:5)
      at node_modules/react-router-dom/index.tsx:816:25
      at commitHookEffectListMount (node_modules/react-dom/cjs/react-dom.development.js:23189:26)
      at commitPassiveMountOnFiber (node_modules/react-dom/cjs/react-dom.development.js:24970:11)
      at commitPassiveMountEffects_complete (node_modules/react-dom/cjs/react-dom.development.js:24930:9)
      at commitPassiveMountEffects_begin (node_modules/react-dom/cjs/react-dom.development.js:24917:7)
      at commitPassiveMountEffects (node_modules/react-dom/cjs/react-dom.development.js:24905:3)
      at flushPassiveEffectsImpl (node_modules/react-dom/cjs/react-dom.development.js:27078:3)
      at flushPassiveEffects (node_modules/react-dom/cjs/react-dom.development.js:27023:14)
      at performSyncWorkOnRoot (node_modules/react-dom/cjs/react-dom.development.js:26115:3)
      at flushSyncCallbacks (node_modules/react-dom/cjs/react-dom.development.js:12042:22)
      at commitRootImpl (node_modules/react-dom/cjs/react-dom.development.js:26998:3)
      at commitRoot (node_modules/react-dom/cjs/react-dom.development.js:26721:5)
      at finishConcurrentRender (node_modules/react-dom/cjs/react-dom.development.js:26020:9)
      at performConcurrentWorkOnRoot (node_modules/react-dom/cjs/react-dom.development.js:25848:7)
      at flushActQueue (node_modules/react/cjs/react.development.js:2667:24)
      at act (node_modules/react/cjs/react.development.js:2582:11)
      at actWithWarning (node_modules/react-dom/cjs/react-dom-test-utils.development.js:1740:10)
      at node_modules/@testing-library/react/dist/act-compat.js:63:25
      at renderRoot (node_modules/@testing-library/react/dist/pure.js:159:26)
      at render (node_modules/@testing-library/react/dist/pure.js:246:10)
      at _callee$ (src/pages/subscription/SubscriptionPage.test.tsx:42:33)
      at s (node_modules/@babel/runtime/helpers/regeneratorRuntime.js:75:16)
      at Generator.<anonymous> (node_modules/@babel/runtime/helpers/regeneratorRuntime.js:58:19)
      at Generator.next (node_modules/@babel/runtime/helpers/regeneratorRuntime.js:100:21)
      at asyncGeneratorStep (node_modules/@babel/runtime/helpers/asyncToGenerator.js:3:17)
      at _next (node_modules/@babel/runtime/helpers/asyncToGenerator.js:17:9)
      at node_modules/@babel/runtime/helpers/asyncToGenerator.js:22:7
      at Object.<anonymous> (node_modules/@babel/runtime/helpers/asyncToGenerator.js:14:12)

  console.warn
    ÔÜá´©Å React Router Future Flag Warning: Relative route resolution within Splat routes is changing in v7. You can use the `v7_relativeSplatPath` future flag to opt-in early. For more information, see https://reactrouter.com/v6/upgrading/future#v7_relativesplatpath.

    [0m [90m 40 |[39m describe([32m'SubscriptionPage'[39m[33m,[39m () [33m=>[39m {
     [90m 41 |[39m   it([32m'affiche les 3 offres et les boutons S\'abonner'[39m[33m,[39m [36masync[39m () [33m=>[39m {
    [31m[1m>[22m[39m[90m 42 |[39m     [36mconst[39m { container } [33m=[39m render(
     [90m    |[39m                                 [31m[1m^[22m[39m
     [90m 43 |[39m       [33m<[39m[33mAuthProvider[39m[33m>[39m
     [90m 44 |[39m         [33m<[39m[33mBrowserRouter[39m[33m>[39m
     [90m 45 |[39m           [33m<[39m[33mSubscriptionPage[39m [33m/[39m[33m>[39m[0m

      at warnOnce (node_modules/react-router/lib/deprecations.ts:9:13)
      at logDeprecation (node_modules/react-router/lib/deprecations.ts:14:3)
      at Object.logV6DeprecationWarnings [as UNSAFE_logV6DeprecationWarnings] (node_modules/react-router/lib/deprecations.ts:37:5)
      at node_modules/react-router-dom/index.tsx:816:25
      at commitHookEffectListMount (node_modules/react-dom/cjs/react-dom.development.js:23189:26)
      at commitPassiveMountOnFiber (node_modules/react-dom/cjs/react-dom.development.js:24970:11)
      at commitPassiveMountEffects_complete (node_modules/react-dom/cjs/react-dom.development.js:24930:9)
      at commitPassiveMountEffects_begin (node_modules/react-dom/cjs/react-dom.development.js:24917:7)
      at commitPassiveMountEffects (node_modules/react-dom/cjs/react-dom.development.js:24905:3)
      at flushPassiveEffectsImpl (node_modules/react-dom/cjs/react-dom.development.js:27078:3)
      at flushPassiveEffects (node_modules/react-dom/cjs/react-dom.development.js:27023:14)
      at performSyncWorkOnRoot (node_modules/react-dom/cjs/react-dom.development.js:26115:3)
      at flushSyncCallbacks (node_modules/react-dom/cjs/react-dom.development.js:12042:22)
      at commitRootImpl (node_modules/react-dom/cjs/react-dom.development.js:26998:3)
      at commitRoot (node_modules/react-dom/cjs/react-dom.development.js:26721:5)
      at finishConcurrentRender (node_modules/react-dom/cjs/react-dom.development.js:26020:9)
      at performConcurrentWorkOnRoot (node_modules/react-dom/cjs/react-dom.development.js:25848:7)
      at flushActQueue (node_modules/react/cjs/react.development.js:2667:24)
      at act (node_modules/react/cjs/react.development.js:2582:11)
      at actWithWarning (node_modules/react-dom/cjs/react-dom-test-utils.development.js:1740:10)
      at node_modules/@testing-library/react/dist/act-compat.js:63:25
      at renderRoot (node_modules/@testing-library/react/dist/pure.js:159:26)
      at render (node_modules/@testing-library/react/dist/pure.js:246:10)
      at _callee$ (src/pages/subscription/SubscriptionPage.test.tsx:42:33)
      at s (node_modules/@babel/runtime/helpers/regeneratorRuntime.js:75:16)
      at Generator.<anonymous> (node_modules/@babel/runtime/helpers/regeneratorRuntime.js:58:19)
      at Generator.next (node_modules/@babel/runtime/helpers/regeneratorRuntime.js:100:21)
      at asyncGeneratorStep (node_modules/@babel/runtime/helpers/asyncToGenerator.js:3:17)
      at _next (node_modules/@babel/runtime/helpers/asyncToGenerator.js:17:9)
      at node_modules/@babel/runtime/helpers/asyncToGenerator.js:22:7
      at Object.<anonymous> (node_modules/@babel/runtime/helpers/asyncToGenerator.js:14:12)

  console.log
    <div class="subscription-page-bg" style="min-height: 100vh; padding: 40px 0px;"><div style="max-width: 1200px; margin: 0px auto;"><h1 class="ant-typography css-dev-only-do-not-override-1m2bkf9" style="text-align: center; margin-bottom: 16px;">Choisissez votre abonnement</h1><div class="ant-typography css-dev-only-do-not-override-1m2bkf9" style="text-align: center; font-size: 18px; margin-bottom: 40px;">Acc├®dez ├á toutes les fonctionnalit├®s de BusinessConnect S├®n├®gal selon votre profil. Paiement s├®curis├® via CinetPay.</div><div class="ant-row ant-row-center css-dev-only-do-not-override-1m2bkf9" style="margin-left: -16px; margin-right: -16px; row-gap: 32px;"><div style="padding-left: 16px; padding-right: 16px;" class="ant-col ant-col-xs-24 ant-col-sm-12 ant-col-md-8 css-dev-only-do-not-override-1m2bkf9"><div class="ant-card ant-card-bordered ant-card-hoverable subscription-card css-dev-only-do-not-override-1m2bkf9" style="border-radius: 16px; box-shadow: 0 4px 24px rgba(0,0,0,0.08); text-align: center; background: rgb(255, 255, 255);"><div class="ant-card-body"><div class="ant-space css-dev-only-do-not-override-1m2bkf9 ant-space-vertical ant-space-gap-row-large ant-space-gap-col-large" style="width: 100%;"><div class="ant-space-item"><span role="img" aria-label="user" style="font-size: 40px; color: rgb(24, 144, 255);" class="anticon anticon-user"><svg viewBox="64 64 896 896" focusable="false" data-icon="user" width="1em" height="1em" fill="currentColor" aria-hidden="true"><path d="M858.5 763.6a374 374 0 00-80.6-119.5 375.63 375.63 0 00-119.5-80.6c-.4-.2-.8-.3-1.2-.5C719.5 518 760 444.7 760 362c0-137-111-248-248-248S264 225 264 362c0 82.7 40.5 156 102.8 201.1-.4.2-.8.3-1.2.5-44.8 18.9-85 46-119.5 80.6a375.63 375.63 0 00-80.6 119.5A371.7 371.7 0 00136 901.8a8 8 0 008 8.2h60c4.4 0 7.9-3.5 8-7.8 2-77.2 33-149.5 87.8-204.3 56.7-56.7 132-87.9 212.2-87.9s155.5 31.2 212.2 87.9C779 752.7 810 825 812 902.2c.1 4.4 3.6 7.8 8 7.8h60a8 8 0 008-8.2c-1-47.8-10.9-94.3-29.5-138.2zM512 534c-45.9 0-89.1-17.9-121.6-50.4S340 407.9 340 362c0-45.9 17.9-89.1 50.4-121.6S466.1 190 512 190s89.1 17.9 121.6 50.4S684 316.1 684 362c0 45.9-17.9 89.1-50.4 121.6S557.9 534 512 534z"></path></svg></span></div><div class="ant-space-item"><h3 class="ant-typography css-dev-only-do-not-override-1m2bkf9" style="color: rgb(24, 144, 255);">├ëtudiant / Chercheur d'emploi</h3></div><div class="ant-space-item"><div><span style="font-size: 36px; font-weight: 700; color: rgb(24, 144, 255);">1ÔÇ»000 FCFA</span><span style="font-size: 18px; color: rgb(136, 136, 136); margin-left: 4px;">/mois</span></div></div><div class="ant-space-item"><div style="margin: 16px 0px;"><span class="ant-tag ant-tag-has-color css-dev-only-do-not-override-1m2bkf9" style="background-color: rgb(24, 144, 255); margin-bottom: 8px;">Acc├¿s aux offres d'emploi</span><span class="ant-tag ant-tag-has-color css-dev-only-do-not-override-1m2bkf9" style="background-color: rgb(24, 144, 255); margin-bottom: 8px;">Espace CV</span><span class="ant-tag ant-tag-has-color css-dev-only-do-not-override-1m2bkf9" style="background-color: rgb(24, 144, 255); margin-bottom: 8px;">Forum</span><span class="ant-tag ant-tag-has-color css-dev-only-do-not-override-1m2bkf9" style="background-color: rgb(24, 144, 255); margin-bottom: 8px;">Fiches m├®tiers</span><span class="ant-tag ant-tag-has-color css-dev-only-do-not-override-1m2bkf9" style="background-color: rgb(24, 144, 255); margin-bottom: 8px;">Formations</span><span class="ant-tag ant-tag-has-color css-dev-only-do-not-override-1m2bkf9" style="background-color: rgb(24, 144, 255); margin-bottom: 8px;">Support standard</span></div></div><div class="ant-space-item"><button type="button" class="ant-btn css-dev-only-do-not-override-1m2bkf9 ant-btn-primary ant-btn-color-primary ant-btn-variant-solid ant-btn-lg" style="background: rgb(24, 144, 255); border-radius: 25px; width: 100%;"><span>S'abonner</span></button></div></div></div></div></div><div style="padding-left: 16px; padding-right: 16px;" class="ant-col ant-col-xs-24 ant-col-sm-12 ant-col-md-8 css-dev-only-do-not-override-1m2bkf9"><div class="ant-card ant-card-bordered ant-card-hoverable subscription-card css-dev-only-do-not-override-1m2bkf9" style="border-radius: 16px; box-shadow: 0 4px 24px rgba(0,0,0,0.08); text-align: center; background: rgb(255, 255, 255);"><div class="ant-card-body"><div class="ant-space css-dev-only-do-not-override-1m2bkf9 ant-space-vertical ant-space-gap-row-large ant-space-gap-col-large" style="width: 100%;"><div class="ant-space-item"><span role="img" aria-label="shop" style="font-size: 40px; color: rgb(82, 196, 26);" class="anticon anticon-shop"><svg viewBox="64 64 896 896" focusable="false" data-icon="shop" width="1em" height="1em" fill="currentColor" aria-hidden="true"><path d="M882 272.1V144c0-17.7-14.3-32-32-32H174c-17.7 0-32 14.3-32 32v128.1c-16.7 1-30 14.9-30 31.9v131.7a177 177 0 0014.4 70.4c4.3 10.2 9.6 19.8 15.6 28.9v345c0 17.6 14.3 32 32 32h676c17.7 0 32-14.3 32-32V535a175 175 0 0015.6-28.9c9.5-22.3 14.4-46 14.4-70.4V304c0-17-13.3-30.9-30-31.9zM214 184h596v88H214v-88zm362 656.1H448V736h128v104.1zm234 0H640V704c0-17.7-14.3-32-32-32H416c-17.7 0-32 14.3-32 32v136.1H214V597.9c2.9 1.4 5.9 2.8 9 4 22.3 9.4 46 14.1 70.4 14.1s48-4.7 70.4-14.1c13.8-5.8 26.8-13.2 38.7-22.1.2-.1.4-.1.6 0a180.4 180.4 0 0038.7 22.1c22.3 9.4 46 14.1 70.4 14.1 24.4 0 48-4.7 70.4-14.1 13.8-5.8 26.8-13.2 38.7-22.1.2-.1.4-.1.6 0a180.4 180.4 0 0038.7 22.1c22.3 9.4 46 14.1 70.4 14.1 24.4 0 48-4.7 70.4-14.1 3-1.3 6-2.6 9-4v242.2zm30-404.4c0 59.8-49 108.3-109.3 108.3-40.8 0-76.4-22.1-95.2-54.9-2.9-5-8.1-8.1-13.9-8.1h-.6c-5.7 0-11 3.1-13.9 8.1A109.24 109.24 0 01512 544c-40.7 0-76.2-22-95-54.7-3-5.1-8.4-8.3-14.3-8.3s-11.4 3.2-14.3 8.3a109.63 109.63 0 01-95.1 54.7C233 544 184 495.5 184 435.7v-91.2c0-.3.2-.5.5-.5h655c.3 0 .5.2.5.5v91.2z"></path></svg></span></div><div class="ant-space-item"><h3 class="ant-typography css-dev-only-do-not-override-1m2bkf9" style="color: rgb(82, 196, 26);">Annonceur</h3></div><div class="ant-space-item"><div><span style="font-size: 36px; font-weight: 700; color: rgb(82, 196, 26);">5ÔÇ»000 FCFA</span><span style="font-size: 18px; color: rgb(136, 136, 136); margin-left: 4px;">/mois</span></div></div><div class="ant-space-item"><div style="margin: 16px 0px;"><span class="ant-tag ant-tag-has-color css-dev-only-do-not-override-1m2bkf9" style="background-color: rgb(82, 196, 26); margin-bottom: 8px;">Publication d'offres</span><span class="ant-tag ant-tag-has-color css-dev-only-do-not-override-1m2bkf9" style="background-color: rgb(82, 196, 26); margin-bottom: 8px;">Visibilit├® plateforme</span><span class="ant-tag ant-tag-has-color css-dev-only-do-not-override-1m2bkf9" style="background-color: rgb(82, 196, 26); margin-bottom: 8px;">Statistiques de vues</span><span class="ant-tag ant-tag-has-color css-dev-only-do-not-override-1m2bkf9" style="background-color: rgb(82, 196, 26); margin-bottom: 8px;">Support prioritaire</span><span class="ant-tag ant-tag-has-color css-dev-only-do-not-override-1m2bkf9" style="background-color: rgb(82, 196, 26); margin-bottom: 8px;">Badge "Annonceur V├®rifi├®"</span><span class="ant-tag ant-tag-has-color css-dev-only-do-not-override-1m2bkf9" style="background-color: rgb(82, 196, 26); margin-bottom: 8px;">Outils de promotion</span></div></div><div class="ant-space-item"><button type="button" class="ant-btn css-dev-only-do-not-override-1m2bkf9 ant-btn-primary ant-btn-color-primary ant-btn-variant-solid ant-btn-lg" style="background: rgb(82, 196, 26); border-radius: 25px; width: 100%;"><span>S'abonner</span></button></div></div></div></div></div><div style="padding-left: 16px; padding-right: 16px;" class="ant-col ant-col-xs-24 ant-col-sm-12 ant-col-md-8 css-dev-only-do-not-override-1m2bkf9"><div class="ant-card ant-card-bordered ant-card-hoverable subscription-card css-dev-only-do-not-override-1m2bkf9" style="border-radius: 16px; box-shadow: 0 4px 24px rgba(0,0,0,0.08); text-align: center; background: rgb(255, 255, 255);"><div class="ant-card-body"><div class="ant-space css-dev-only-do-not-override-1m2bkf9 ant-space-vertical ant-space-gap-row-large ant-space-gap-col-large" style="width: 100%;"><div class="ant-space-item"><span role="img" aria-label="team" style="font-size: 40px; color: rgb(250, 173, 20);" class="anticon anticon-team"><svg viewBox="64 64 896 896" focusable="false" data-icon="team" width="1em" height="1em" fill="currentColor" aria-hidden="true"><path d="M824.2 699.9a301.55 301.55 0 00-86.4-60.4C783.1 602.8 812 546.8 812 484c0-110.8-92.4-201.7-203.2-200-109.1 1.7-197 90.6-197 200 0 62.8 29 118.8 74.2 155.5a300.95 300.95 0 00-86.4 60.4C345 754.6 314 826.8 312 903.8a8 8 0 008 8.2h56c4.3 0 7.9-3.4 8-7.7 1.9-58 25.4-112.3 66.7-153.5A226.62 226.62 0 01612 684c60.9 0 118.2 23.7 161.3 66.8C814.5 792 838 846.3 840 904.3c.1 4.3 3.7 7.7 8 7.7h56a8 8 0 008-8.2c-2-77-33-149.2-87.8-203.9zM612 612c-34.2 0-66.4-13.3-90.5-37.5a126.86 126.86 0 01-37.5-91.8c.3-32.8 13.4-64.5 36.3-88 24-24.6 56.1-38.3 90.4-38.7 33.9-.3 66.8 12.9 91 36.6 24.8 24.3 38.4 56.8 38.4 91.4 0 34.2-13.3 66.3-37.5 90.5A127.3 127.3 0 01612 612zM361.5 510.4c-.9-8.7-1.4-17.5-1.4-26.4 0-15.9 1.5-31.4 4.3-46.5.7-3.6-1.2-7.3-4.5-8.8-13.6-6.1-26.1-14.5-36.9-25.1a127.54 127.54 0 01-38.7-95.4c.9-32.1 13.8-62.6 36.3-85.6 24.7-25.3 57.9-39.1 93.2-38.7 31.9.3 62.7 12.6 86 34.4 7.9 7.4 14.7 15.6 20.4 24.4 2 3.1 5.9 4.4 9.3 3.2 17.6-6.1 36.2-10.4 55.3-12.4 5.6-.6 8.8-6.6 6.3-11.6-32.5-64.3-98.9-108.7-175.7-109.9-110.9-1.7-203.3 89.2-203.3 199.9 0 62.8 28.9 118.8 74.2 155.5-31.8 14.7-61.1 35-86.5 60.4-54.8 54.7-85.8 126.9-87.8 204a8 8 0 008 8.2h56.1c4.3 0 7.9-3.4 8-7.7 1.9-58 25.4-112.3 66.7-153.5 29.4-29.4 65.4-49.8 104.7-59.7 3.9-1 6.5-4.7 6-8.7z"></path></svg></span></div><div class="ant-space-item"><h3 class="ant-typography css-dev-only-do-not-override-1m2bkf9" style="color: rgb(250, 173, 20);">Recruteur</h3></div><div class="ant-space-item"><div><span style="font-size: 36px; font-weight: 700; color: rgb(250, 173, 20);">9ÔÇ»000 FCFA</span><span style="font-size: 18px; color: rgb(136, 136, 136); margin-left: 4px;">/mois</span><span class="ant-tag ant-tag-gold css-dev-only-do-not-override-1m2bkf9" style="margin-left: 8px;">Populaire</span></div></div><div class="ant-space-item"><div style="margin: 16px 0px;"><span class="ant-tag ant-tag-has-color css-dev-only-do-not-override-1m2bkf9" style="background-color: rgb(250, 173, 20); margin-bottom: 8px;">Acc├¿s CVth├¿que compl├¿te</span><span class="ant-tag ant-tag-has-color css-dev-only-do-not-override-1m2bkf9" style="background-color: rgb(250, 173, 20); margin-bottom: 8px;">Contact direct candidats</span><span class="ant-tag ant-tag-has-color css-dev-only-do-not-override-1m2bkf9" style="background-color: rgb(250, 173, 20); margin-bottom: 8px;">Publication offres illimit├®es</span><span class="ant-tag ant-tag-has-color css-dev-only-do-not-override-1m2bkf9" style="background-color: rgb(250, 173, 20); margin-bottom: 8px;">Statistiques avanc├®es</span><span class="ant-tag ant-tag-has-color css-dev-only-do-not-override-1m2bkf9" style="background-color: rgb(250, 173, 20); margin-bottom: 8px;">Support d├®di├® 24/7</span><span class="ant-tag ant-tag-has-color css-dev-only-do-not-override-1m2bkf9" style="background-color: rgb(250, 173, 20); margin-bottom: 8px;">Outils de filtrage premium</span></div></div><div class="ant-space-item"><button type="button" class="ant-btn css-dev-only-do-not-override-1m2bkf9 ant-btn-primary ant-btn-color-primary ant-btn-variant-solid ant-btn-lg" style="background: rgb(250, 173, 20); border-radius: 25px; width: 100%;"><span>S'abonner</span></button></div></div></div></div></div></div></div></div>

      at _callee$ (src/pages/subscription/SubscriptionPage.test.tsx:51:13)

FAIL src/pages/subscription/SubscriptionPage.test.tsx (11.566 s)
  SubscriptionPage
    ├ù affiche les 3 offres et les boutons S'abonner (1773 ms)

  ÔùÅ SubscriptionPage ÔÇ║ affiche les 3 offres et les boutons S'abonner

    Found multiple elements with the text: /Annonceur/

    Here are the matching elements:

    Ignored nodes: comments, script, style
    [36m<h3[39m
      [33mclass[39m=[32m"ant-typography css-dev-only-do-not-override-1m2bkf9"[39m
      [33mstyle[39m=[32m"color: rgb(82, 196, 26);"[39m
    [36m>[39m
      [0mAnnonceur[0m
    [36m</h3>[39m

    Ignored nodes: comments, script, style
    [36m<span[39m
      [33mclass[39m=[32m"ant-tag ant-tag-has-color css-dev-only-do-not-override-1m2bkf9"[39m
      [33mstyle[39m=[32m"background-color: rgb(82, 196, 26); margin-bottom: 8px;"[39m
    [36m>[39m
      [0mBadge "Annonceur V├®rifi├®"[0m
    [36m</span>[39m

    (If this is intentional, then use the `*AllBy*` variant of the query (like `queryAllByText`, `getAllByText`, or `findAllByText`)).

    Ignored nodes: comments, script, style
    [36m<body>[39m
      [36m<div>[39m
        [36m<div[39m
          [33mclass[39m=[32m"subscription-page-bg"[39m
          [33mstyle[39m=[32m"min-height: 100vh; padding: 40px 0px;"[39m
        [36m>[39m
          [36m<div[39m
            [33mstyle[39m=[32m"max-width: 1200px; margin: 0px auto;"[39m
          [36m>[39m
            [36m<h1[39m
              [33mclass[39m=[32m"ant-typography css-dev-only-do-not-override-1m2bkf9"[39m
              [33mstyle[39m=[32m"text-align: center; margin-bottom: 16px;"[39m
            [36m>[39m
              [0mChoisissez votre abonnement[0m
            [36m</h1>[39m
            [36m<div[39m
              [33mclass[39m=[32m"ant-typography css-dev-only-do-not-override-1m2bkf9"[39m
              [33mstyle[39m=[32m"text-align: center; font-size: 18px; margin-bottom: 40px;"[39m
            [36m>[39m
              [0mAcc├®dez ├á toutes les fonctionnalit├®s de BusinessConnect S├®n├®gal selon votre profil. Paiement s├®curis├® via CinetPay.[0m
            [36m</div>[39m
            [36m<div[39m
              [33mclass[39m=[32m"ant-row ant-row-center css-dev-only-do-not-override-1m2bkf9"[39m
              [33mstyle[39m=[32m"margin-left: -16px; margin-right: -16px; row-gap: 32px;"[39m
            [36m>[39m
              [36m<div[39m
                [33mclass[39m=[32m"ant-col ant-col-xs-24 ant-col-sm-12 ant-col-md-8 css-dev-only-do-not-override-1m2bkf9"[39m
                [33mstyle[39m=[32m"padding-left: 16px; padding-right: 16px;"[39m
              [36m>[39m
                [36m<div[39m
                  [33mclass[39m=[32m"ant-card ant-card-bordered ant-card-hoverable subscription-card css-dev-only-do-not-override-1m2bkf9"[39m
                  [33mstyle[39m=[32m"border-radius: 16px; box-shadow: 0 4px 24px rgba(0,0,0,0.08); text-align: center; background: rgb(255, 255, 255);"[39m
                [36m>[39m
                  [36m<div[39m
                    [33mclass[39m=[32m"ant-card-body"[39m
                  [36m>[39m
                    [36m<div[39m
                      [33mclass[39m=[32m"ant-space css-dev-only-do-not-override-1m2bkf9 ant-space-vertical ant-space-gap-row-large 
ant-space-gap-col-large"[39m
                      [33mstyle[39m=[32m"width: 100%;"[39m
                    [36m>[39m
                      [36m<div[39m
                        [33mclass[39m=[32m"ant-space-item"[39m
                      [36m>[39m
                        [36m<span[39m
                          [33maria-label[39m=[32m"user"[39m
                          [33mclass[39m=[32m"anticon anticon-user"[39m
                          [33mrole[39m=[32m"img"[39m
                          [33mstyle[39m=[32m"font-size: 40px; color: rgb(24, 144, 255);"[39m
                        [36m>[39m
                          [36m<svg[39m
                            [33maria-hidden[39m=[32m"true"[39m
                            [33mdata-icon[39m=[32m"user"[39m
                            [33mfill[39m=[32m"currentColor"[39m
                            [33mfocusable[39m=[32m"false"[39m
                            [33mheight[39m=[32m"1em"[39m
                            [33mviewBox[39m=[32m"64 64 896 896"[39m
                            [33mwidth[39m=[32m"1em"[39m
                          [36m>[39m
                            [36m<path[39m
                              [33md[39m=[32m"M858.5 763.6a374 374 0 00-80.6-119.5 375.63 375.63 0 00-119.5-80.6c-.4-.2-.8-.3-1.2-.5C719.5 518 760 444.7 760 
362c0-137-111-248-248-248S264 225 264 362c0 82.7 40.5 156 102.8 201.1-.4.2-.8.3-1.2.5-44.8 18.9-85 46-119.5 80.6a375.63 375.63 0 00-80.6 119.5A371.7 371.7 0 
00136 901.8a8 8 0 008 8.2h60c4.4 0 7.9-3.5 8-7.8 2-77.2 33-149.5 87.8-204.3 56.7-56.7 132-87.9 212.2-87.9s155.5 31.2 212.2 87.9C779 752.7 810 825 812 902.2c.1 
4.4 3.6 7.8 8 7.8h60a8 8 0 008-8.2c-1-47.8-10.9-94.3-29.5-138.2zM512 534c-45.9 0-89.1-17.9-121.6-50.4S340 407.9 340 362c0-45.9 17.9-89.1 50.4-121.6S466.1 190 
512 190s89.1 17.9 121.6 50.4S684 316.1 684 362c0 45.9-17.9 89.1-50.4 121.6S557.9 534 512 534z"[39m
                            [36m/>[39m
                          [36m</svg>[39m
                        [36m</span>[39m
                      [36m</div>[39m
                      [36m<div[39m
                        [33mclass[39m=[32m"ant-space-item"[39m
                      [36m>[39m
                        [36m<h3[39m
                          [33mclass[39m=[32m"ant-typography css-dev-only-do-not-override-1m2bkf9"[39m
                          [33mstyle[39m=[32m"color: rgb(24, 144, 255);"[39m
                        [36m>[39m
                          [0m├ëtudiant / Chercheur d'emploi[0m
                        [36m</h3>[39m
                      [36m</div>[39m
                      [36m<div[39m
                        [33mclass[39m=[32m"ant-space-item"[39m
                      [36m>[39m
                        [36m<div>[39m
                          [36m<span[39m
                            [33mstyle[39m=[32m"font-size: 36px; font-weight: 700; color: rgb(24, 144, 255);"[39m
                          [36m>[39m
                            [0m1ÔÇ»000[0m
                            [0m FCFA[0m
                          [36m</span>[39m
                          [36m<span[39m
                            [33mstyle[39m=[32m"font-size: 18px; color: rgb(136, 136, 136); margin-left: 4px;"[39m
                          [36m>[39m
                            [0m/mois[0m
                          [36m</span>[39m
                        [36m</div>[39m
                      [36m</div>[39m
                      [36m<div[39m
                        [33mclass[39m=[32m"ant-space-item"[39m
                      [36m>[39m
                        [36m<div[39m
                          [33mstyle[39m=[32m"margin: 16px 0px;"[39m
                        [36m>[39m
                          [36m<span[39m
                            [33mclass[39m=[32m"ant-tag ant-tag-has-color css-dev-only-do-not-override-1m2bkf9"[39m
                            [33mstyle[39m=[32m"background-color: rgb(24, 144, 255); margin-bottom: 8px;"[39m
                          [36m>[39m
                            [0mAcc├¿s aux offres d'emploi[0m
                          [36m</span>[39m
                          [36m<span[39m
                            [33mclass[39m=[32m"ant-tag ant-tag-has-color css-dev-only-do-not-override-1m2bkf9"[39m
                            [33mstyle[39m=[32m"background-color: rgb(24, 144, 255); margin-bottom: 8px;"[39m
                          [36m>[39m
                            [0mEspace CV[0m
                          [36m</span>[39m
                          [36m<span[39m
                            [33mclass[39m=[32m"ant-tag ant-tag-has-color css-dev-only-do-not-override-1m2bkf9"[39m
                            [33mstyle[39m=[32m"background-color: rgb(24, 144, 255); margin-bottom: 8px;"[39m
                          [36m>[39m
                            [0mForum[0m
                          [36m</span>[39m
                          [36m<span[39m
                            [33mclass[39m=[32m"ant-tag ant-tag-has-color css-dev-only-do-not-override-1m2bkf9"[39m
                            [33mstyle[39m=...

    [0m [90m 52 |[39m     [90m// V├®rifie la pr├®sence des titres[39m
     [90m 53 |[39m     expect([36mawait[39m screen[33m.[39mfindByText([35m/├ëtudiant/[39m))[33m.[39mtoBeInTheDocument()[33m;[39m
    [31m[1m>[22m[39m[90m 54 |[39m     expect([36mawait[39m screen[33m.[39mfindByText([35m/Annonceur/[39m))[33m.[39mtoBeInTheDocument()[33m;[39m
     [90m    |[39m                         [31m[1m^[22m[39m
     [90m 55 |[39m     expect([36mawait[39m screen[33m.[39mfindByText([35m/Recruteur/[39m))[33m.[39mtoBeInTheDocument()[33m;[39m
     [90m 56 |[39m     [90m// V├®rifie la pr├®sence des prix (tol├¿re les espaces ins├®cables)[39m
     [90m 57 |[39m     expect([36mawait[39m screen[33m.[39mfindByText([35m/1.?000 FCFA/[39m))[33m.[39mtoBeInTheDocument()[33m;[39m[0m

      at waitForWrapper (node_modules/@testing-library/dom/dist/wait-for.js:166:27)
      at findByText (node_modules/@testing-library/dom/dist/query-helpers.js:86:33)
      at _callee$ (src/pages/subscription/SubscriptionPage.test.tsx:54:25)
      at s (node_modules/@babel/runtime/helpers/regeneratorRuntime.js:75:16)
      at Generator.<anonymous> (node_modules/@babel/runtime/helpers/regeneratorRuntime.js:58:19)
      at Generator.next (node_modules/@babel/runtime/helpers/regeneratorRuntime.js:100:21)
      at asyncGeneratorStep (node_modules/@babel/runtime/helpers/asyncToGenerator.js:3:17)
      at _next (node_modules/@babel/runtime/helpers/asyncToGenerator.js:17:9)

Test Suites: 1 failed, 1 total
Tests:       1 failed, 1 total
Snapshots:   0 total
Time:        14.658 s
Ran all test suites matching /src\\pages\\subscription\\SubscriptionPage.test.tsx/i.

